// Jest Snapshot v1, https://goo.gl/fbAQLP

exports[`Components LoaderOne Appearance should render 1`] = `
<div>
  loader one...
</div>
`;
