// Jest Snapshot v1, https://goo.gl/fbAQLP

exports[`Features Root component Appearance should render correctly 1`] = `
<React.Fragment>
  <Header />
  <Switch>
    <Switch>
      <Route
        exact={true}
        path="/"
        render={[Function]}
      />
      <Route
        path="*"
        render={[Function]}
      />
    </Switch>
  </Switch>
</React.Fragment>
`;
