// Jest Snapshot v1, https://goo.gl/fbAQLP

exports[`Features Root Container should render correctly 1`] = `
<withRouter(Connect(Root))
  store={
    Object {
      "clearActions": [Function],
      "dispatch": [Function],
      "getActions": [Function],
      "getState": [Function],
      "replaceReducer": [Function],
      "subscribe": [Function],
    }
  }
/>
`;
