// Jest Snapshot v1, https://goo.gl/fbAQLP

exports[`Components FormError Appearance should render 1`] = `
<p
  className="form-error__StyledFormError-mbqx9k-0 cKaLxn"
/>
`;
