// Jest Snapshot v1, https://goo.gl/fbAQLP

exports[`Components LoaderDefault Appearance should render 1`] = `
<div
  className="sc-jTzLTM rFSWX"
  color="#e8b52c"
  size="100"
/>
`;
